\BOOKMARK [1][-]{section.1}{CONSUMER iCOUNTRIES hCONSUMERS}{}% 1
\BOOKMARK [2][-]{subsection.1.1}{Optimisation problem}{section.1}% 2
\BOOKMARK [2][-]{subsection.1.2}{Identities}{section.1}% 3
\BOOKMARK [2][-]{subsection.1.3}{First order conditions}{section.1}% 4
\BOOKMARK [1][-]{section.2}{FIRM iCOUNTRIES sSECTORS}{}% 5
\BOOKMARK [2][-]{subsection.2.1}{Optimisation problem}{section.2}% 6
\BOOKMARK [2][-]{subsection.2.2}{First order conditions}{section.2}% 7
\BOOKMARK [2][-]{subsection.2.3}{First order conditions after reduction}{section.2}% 8
\BOOKMARK [1][-]{section.3}{EQUILIBRIUM}{}% 9
\BOOKMARK [2][-]{subsection.3.1}{Identities}{section.3}% 10
\BOOKMARK [1][-]{section.4}{Equilibrium relationships \(before expansion and reduction\)}{}% 11
\BOOKMARK [1][-]{section.5}{Equilibrium relationships \(after expansion and reduction\)}{}% 12
\BOOKMARK [1][-]{section.6}{Calibrating equations}{}% 13
